<div>
This should be &quot;three&quot;: three
This should also be &quot;three&quot;: three
This should also be &quot;three&quot;: three
This should also be &quot;three&quot;: three
This should be &quot;6&quot;: 6
This should be &quot;one&quot;: one
This should be &quot;six&quot;: six
This should be &quot;five&quot;: five
This should be &quot;four&quot;: four
</div>
