<p><h1>header 1</h1>
The quick brown fox jumped over the lazy dog.
<h2>header2</h2>
The quick brown fox jumped over the lazy dog.
<h3>header 3</h3>
The quick brown fox jumped over the lazy dog.
<h4>header 4</h4>
The quick brown fox jumped over the lazy dog.
<h5>header 5</h5>
The quick brown fox jumped over the lazy dog.
<h6>header6</h6>
</p><p>
The quick brown fox jumped over the lazy dog.
The quick brown fox jumped over the lazy dog.
The quick brown fox jumped over the lazy dog.
</p><p>
<ul><li>list 1 item 1
</li><li>list 1 item 2
<ul><li>list 2 item 1
</li><li>list 2 item 2
<ul><li>list 3 item 1
</li><li>list 3 item 2
</li></ul></li></ul></li></ul><ol><li>list 1 item 1
</li><li>list 1 item 2
<ol><li>list 2 item 1
</li><li>list 2 item 2
<ol><li>list 3 item 1
</li><li>list 3 item 2
</li></ol></li><li>list 2 item 3
<ol><li>list 3 item 3
<ol><li>0. list 5 item 1
</li></ol></li></ol></li></ol></li><li>list 1 item 3
This is more text for item3
And even more text!
</li></ol></p><p>
<blockquote>This is a block quote
on more than one line.
<blockquote>This is a double indented block quote
on more than one line.
</blockquote></blockquote></p><p>
<blockquote>The is a block quoted list:
<blockquote><ul><li>list 1 item 1
</li><li>list 1 item 2
<ul><li>list 2 item 1
</li><li>list 2 item 2
</li></ul></li><li>list 1 item 3
</li></ul></blockquote></blockquote></p>
